// Jest Snapshot v1, https://goo.gl/fbAQLP

exports[`button renders renders secondary button  unchanged 1`] = `
<div>
  <button
    class="secondaryButton"
    data-testid="secondary"
  >
    Add Participant
  </button>
</div>
`;
